
> webapp-institucional@1.0.0-rc.1 build
> vite build

vite v5.4.21 building for production...
transforming...
✓ 1963 modules transformed.
rendering chunks...
computing gzip size...
dist/manifest.webmanifest                                    0.70 kB
dist/index.html                                              3.66 kB │ gzip:  1.37 kB
dist/assets/inter-vietnamese-wght-normal-CBcvBZtf.woff2     10.25 kB
dist/assets/inter-greek-ext-wght-normal-DlzME5K_.woff2      11.23 kB
dist/assets/inter-cyrillic-wght-normal-DqGufNeO.woff2       18.75 kB
dist/assets/inter-greek-wght-normal-CkhJZR-_.woff2          19.00 kB
dist/assets/inter-cyrillic-ext-wght-normal-BOeWTOD4.woff2   25.96 kB
dist/assets/inter-latin-wght-normal-Dx4kXJAl.woff2          48.26 kB
dist/assets/inter-latin-ext-wght-normal-DO1Apj_S.woff2      85.07 kB
dist/assets/index-25IjDLpV.css                              27.54 kB │ gzip:  6.06 kB
dist/assets/Skeleton-Df3GAR4F.js                             0.23 kB │ gzip:  0.20 kB │ map:   0.87 kB
dist/assets/tracking-CLt0Loud.js                             0.43 kB │ gzip:  0.26 kB │ map:   1.74 kB
dist/assets/Card-BbMgcwZZ.js                                 0.44 kB │ gzip:  0.31 kB │ map:   1.56 kB
dist/assets/EmptyState-BgQ7TAWi.js                           0.55 kB │ gzip:  0.31 kB │ map:   1.27 kB
dist/assets/Unauthorized-CXemJu2w.js                         0.72 kB │ gzip:  0.47 kB │ map:   1.69 kB
dist/assets/users-DwdNOfPa.js                                0.92 kB │ gzip:  0.42 kB │ map:   3.13 kB
dist/assets/Select-D7zCN760.js                               1.14 kB │ gzip:  0.58 kB │ map:   2.54 kB
dist/assets/Badge-Cx2M0vFw.js                                1.21 kB │ gzip:  0.47 kB │ map:   2.04 kB
dist/assets/students-OTU6DtSB.js                             1.33 kB │ gzip:  0.74 kB │ map:   5.12 kB
dist/assets/index-DkqVay8H.js                                1.57 kB │ gzip:  0.68 kB │ map:  22.26 kB
dist/assets/Input-CCSLaHXq.js                                1.71 kB │ gzip:  0.65 kB │ map:   3.78 kB
dist/assets/Seguimiento-DkXs7KDJ.js                          3.02 kB │ gzip:  1.40 kB │ map:   8.45 kB
dist/assets/Downloads-DP2j_kyJ.js                            3.12 kB │ gzip:  1.36 kB │ map:   6.74 kB
dist/assets/Reports-XZMXp2Uk.js                              3.29 kB │ gzip:  1.52 kB │ map:   9.88 kB
dist/assets/InstallPage-Cs1ybd4x.js                          3.52 kB │ gzip:  1.51 kB │ map:   8.22 kB
dist/assets/Login-BV9v9jc7.js                                4.51 kB │ gzip:  1.82 kB │ map:  12.62 kB
dist/assets/Notifications-DN9EixDX.js                        4.72 kB │ gzip:  1.91 kB │ map:  12.95 kB
dist/assets/TrackingModal-BmlC8X0K.js                        5.34 kB │ gzip:  2.00 kB │ map:  14.77 kB
dist/assets/workbox-window.prod.es5-BqEJf4Xk.js              5.71 kB │ gzip:  2.34 kB │ map:  13.53 kB
dist/assets/Enrollment-CNDq9eg2.js                           8.04 kB │ gzip:  2.96 kB │ map:  20.59 kB
dist/assets/Operation-BkXS1SnA.js                           10.40 kB │ gzip:  3.75 kB │ map:  29.73 kB
dist/assets/Profile-BYdkNmSS.js                             10.84 kB │ gzip:  3.39 kB │ map:  29.83 kB
dist/assets/Audit-CfruXcy9.js                               16.10 kB │ gzip:  4.85 kB │ map:  39.16 kB
dist/assets/Consultation-9nIIbzJ6.js                        17.80 kB │ gzip:  5.59 kB │ map:  47.85 kB
dist/assets/Dashboard-CO89r-gm.js                           19.57 kB │ gzip:  6.32 kB │ map:  56.02 kB
dist/assets/ui-DcnI3nRn.js                                  22.78 kB │ gzip:  4.54 kB │ map:  55.55 kB
dist/assets/react-BqADqaNp.js                              164.64 kB │ gzip: 53.73 kB │ map: 708.58 kB
dist/assets/index-DPXJaK--.js                              183.46 kB │ gzip: 63.06 kB │ map: 909.46 kB
✓ built in 3.96s

PWA v0.20.5
mode      generateSW
precache  35 entries (516.22 KiB)
files generated
  dist/sw.js.map
  dist/sw.js
  dist/workbox-85f2d463.js.map
  dist/workbox-85f2d463.js
